// Jest Snapshot v1, https://goo.gl/fbAQLP

exports[`Favorites Deberia estar el titulo Tus Favoritos 1`] = `null`;
