// Jest Snapshot v1, https://goo.gl/fbAQLP

exports[`Category Deberia estar el titulo Categorias 1`] = `null`;
