// Jest Snapshot v1, https://goo.gl/fbAQLP

exports[`Index Deberia estar el titulo Tenpo 1`] = `null`;
