// Jest Snapshot v1, https://goo.gl/fbAQLP

exports[`Categories Deberia estar el titulo Categorias 1`] = `null`;
